{
    "runs end-to-end and produces expected outputs": {
        "content": [
            "747aaf01718ce63a9396a68f7bd2dfb8",
            "c12739d84a8b4878fd75ad1ea33f5ebf"
        ],
        "timestamp": "2026-04-08T12:50:00.850584",
        "meta": {
            "nf-test": "0.9.5",
            "nextflow": "25.10.4"
        }
    }
}